Command line invocation:
    /Applications/Xcode.app/Contents/Developer/usr/bin/xcodebuild -scheme VideoEnhnacer -configuration Debug -destination "platform=iOS Simulator,name=iPhone 16" build

Resolve Package Graph


Resolved source packages:
  PryntTrimmerView: https://github.com/HHK1/PryntTrimmerView.git @ 4.0.2

--- xcodebuild: WARNING: Using the first of multiple matching destinations:
{ platform:iOS Simulator, arch:arm64, id:169A27F0-3D06-423B-AE53-996369DFC656, OS:18.5, name:iPhone 16 }
{ platform:iOS Simulator, arch:x86_64, id:169A27F0-3D06-423B-AE53-996369DFC656, OS:18.5, name:iPhone 16 }
ComputePackagePrebuildTargetDependencyGraph

Prepare packages

CreateBuildRequest

SendProjectDescription

CreateBuildOperation

ComputeTargetDependencyGraph
note: Building targets in dependency order
note: Target dependency graph (3 targets)
    Target 'VideoEnhnacer' in project 'VideoEnhnacer'
        ➜ Explicit dependency on target 'PryntTrimmerView' in project 'PryntTrimmerView'
    Target 'PryntTrimmerView' in project 'PryntTrimmerView'
        ➜ Explicit dependency on target 'PryntTrimmerView' in project 'PryntTrimmerView'
    Target 'PryntTrimmerView' in project 'PryntTrimmerView' (no dependencies)

GatherProvisioningInputs

CreateBuildDescription

ExecuteExternalTool /Applications/Xcode.app/Contents/Developer/Toolchains/XcodeDefault.xctoolchain/usr/bin/swiftc --version

ExecuteExternalTool /Applications/Xcode.app/Contents/Developer/Toolchains/XcodeDefault.xctoolchain/usr/bin/clang -v -E -dM -isysroot /Applications/Xcode.app/Contents/Developer/Platforms/iPhoneSimulator.platform/Developer/SDKs/iPhoneSimulator18.5.sdk -x c -c /dev/null

ExecuteExternalTool /Applications/Xcode.app/Contents/Developer/usr/bin/actool --print-asset-tag-combinations --output-format xml1 /Users/vaibhavtiwary/Desktop/VideoEnhnacer/VideoEnhnacer/Assets.xcassets

ExecuteExternalTool /Applications/Xcode.app/Contents/Developer/Toolchains/XcodeDefault.xctoolchain/usr/bin/ld -version_details

ExecuteExternalTool /Applications/Xcode.app/Contents/Developer/usr/bin/actool --version --output-format xml1

Build description signature: 4e95202dcf5c03947b14261d3bd0964e
Build description path: /Users/vaibhavtiwary/Library/Developer/Xcode/DerivedData/VideoEnhnacer-dqopdjmhhzmcwpbypehgajypqwjs/Build/Intermediates.noindex/XCBuildData/4e95202dcf5c03947b14261d3bd0964e.xcbuilddata
ClangStatCache /Applications/Xcode.app/Contents/Developer/Toolchains/XcodeDefault.xctoolchain/usr/bin/clang-stat-cache /Applications/Xcode.app/Contents/Developer/Platforms/iPhoneSimulator.platform/Developer/SDKs/iPhoneSimulator18.5.sdk /Users/vaibhavtiwary/Library/Developer/Xcode/DerivedData/SDKStatCaches.noindex/iphonesimulator18.5-22F76-d5fc8ad4295d2ef488fb7d0f804ce0c4.sdkstatcache
    cd /Users/vaibhavtiwary/Desktop/VideoEnhnacer/VideoEnhnacer.xcodeproj
    /Applications/Xcode.app/Contents/Developer/Toolchains/XcodeDefault.xctoolchain/usr/bin/clang-stat-cache /Applications/Xcode.app/Contents/Developer/Platforms/iPhoneSimulator.platform/Developer/SDKs/iPhoneSimulator18.5.sdk -o /Users/vaibhavtiwary/Library/Developer/Xcode/DerivedData/SDKStatCaches.noindex/iphonesimulator18.5-22F76-d5fc8ad4295d2ef488fb7d0f804ce0c4.sdkstatcache

WriteAuxiliaryFile /Users/vaibhavtiwary/Library/Developer/Xcode/DerivedData/VideoEnhnacer-dqopdjmhhzmcwpbypehgajypqwjs/Build/Intermediates.noindex/VideoEnhnacer.build/Debug-iphonesimulator/VideoEnhnacer.build/Objects-normal/arm64/VideoEnhnacer.SwiftFileList (in target 'VideoEnhnacer' from project 'VideoEnhnacer')
    cd /Users/vaibhavtiwary/Desktop/VideoEnhnacer
    write-file /Users/vaibhavtiwary/Library/Developer/Xcode/DerivedData/VideoEnhnacer-dqopdjmhhzmcwpbypehgajypqwjs/Build/Intermediates.noindex/VideoEnhnacer.build/Debug-iphonesimulator/VideoEnhnacer.build/Objects-normal/arm64/VideoEnhnacer.SwiftFileList

WriteAuxiliaryFile /Users/vaibhavtiwary/Library/Developer/Xcode/DerivedData/VideoEnhnacer-dqopdjmhhzmcwpbypehgajypqwjs/Build/Intermediates.noindex/VideoEnhnacer.build/Debug-iphonesimulator/VideoEnhnacer.build/Objects-normal/arm64/VideoEnhnacer.SwiftConstValuesFileList (in target 'VideoEnhnacer' from project 'VideoEnhnacer')
    cd /Users/vaibhavtiwary/Desktop/VideoEnhnacer
    write-file /Users/vaibhavtiwary/Library/Developer/Xcode/DerivedData/VideoEnhnacer-dqopdjmhhzmcwpbypehgajypqwjs/Build/Intermediates.noindex/VideoEnhnacer.build/Debug-iphonesimulator/VideoEnhnacer.build/Objects-normal/arm64/VideoEnhnacer.SwiftConstValuesFileList

WriteAuxiliaryFile /Users/vaibhavtiwary/Library/Developer/Xcode/DerivedData/VideoEnhnacer-dqopdjmhhzmcwpbypehgajypqwjs/Build/Intermediates.noindex/VideoEnhnacer.build/Debug-iphonesimulator/VideoEnhnacer.build/Objects-normal/arm64/VideoEnhnacer.LinkFileList (in target 'VideoEnhnacer' from project 'VideoEnhnacer')
    cd /Users/vaibhavtiwary/Desktop/VideoEnhnacer
    write-file /Users/vaibhavtiwary/Library/Developer/Xcode/DerivedData/VideoEnhnacer-dqopdjmhhzmcwpbypehgajypqwjs/Build/Intermediates.noindex/VideoEnhnacer.build/Debug-iphonesimulator/VideoEnhnacer.build/Objects-normal/arm64/VideoEnhnacer.LinkFileList

SwiftDriver VideoEnhnacer normal arm64 com.apple.xcode.tools.swift.compiler (in target 'VideoEnhnacer' from project 'VideoEnhnacer')
    cd /Users/vaibhavtiwary/Desktop/VideoEnhnacer
    builtin-SwiftDriver -- /Applications/Xcode.app/Contents/Developer/Toolchains/XcodeDefault.xctoolchain/usr/bin/swiftc -module-name VideoEnhnacer -Onone -enforce-exclusivity\=checked @/Users/vaibhavtiwary/Library/Developer/Xcode/DerivedData/VideoEnhnacer-dqopdjmhhzmcwpbypehgajypqwjs/Build/Intermediates.noindex/VideoEnhnacer.build/Debug-iphonesimulator/VideoEnhnacer.build/Objects-normal/arm64/VideoEnhnacer.SwiftFileList -DDEBUG -enable-bare-slash-regex -enable-experimental-feature DebugDescriptionMacro -sdk /Applications/Xcode.app/Contents/Developer/Platforms/iPhoneSimulator.platform/Developer/SDKs/iPhoneSimulator18.5.sdk -target arm64-apple-ios15.6-simulator -g -module-cache-path /Users/vaibhavtiwary/Library/Developer/Xcode/DerivedData/ModuleCache.noindex -Xfrontend -serialize-debugging-options -enable-testing -index-store-path /Users/vaibhavtiwary/Library/Developer/Xcode/DerivedData/VideoEnhnacer-dqopdjmhhzmcwpbypehgajypqwjs/Index.noindex/DataStore -swift-version 5 -I /Users/vaibhavtiwary/Library/Developer/Xcode/DerivedData/VideoEnhnacer-dqopdjmhhzmcwpbypehgajypqwjs/Build/Products/Debug-iphonesimulator -F /Users/vaibhavtiwary/Library/Developer/Xcode/DerivedData/VideoEnhnacer-dqopdjmhhzmcwpbypehgajypqwjs/Build/Products/Debug-iphonesimulator/PackageFrameworks -F /Users/vaibhavtiwary/Library/Developer/Xcode/DerivedData/VideoEnhnacer-dqopdjmhhzmcwpbypehgajypqwjs/Build/Products/Debug-iphonesimulator -emit-localized-strings -emit-localized-strings-path /Users/vaibhavtiwary/Library/Developer/Xcode/DerivedData/VideoEnhnacer-dqopdjmhhzmcwpbypehgajypqwjs/Build/Intermediates.noindex/VideoEnhnacer.build/Debug-iphonesimulator/VideoEnhnacer.build/Objects-normal/arm64 -c -j10 -enable-batch-mode -incremental -Xcc -ivfsstatcache -Xcc /Users/vaibhavtiwary/Library/Developer/Xcode/DerivedData/SDKStatCaches.noindex/iphonesimulator18.5-22F76-d5fc8ad4295d2ef488fb7d0f804ce0c4.sdkstatcache -output-file-map /Users/vaibhavtiwary/Library/Developer/Xcode/DerivedData/VideoEnhnacer-dqopdjmhhzmcwpbypehgajypqwjs/Build/Intermediates.noindex/VideoEnhnacer.build/Debug-iphonesimulator/VideoEnhnacer.build/Objects-normal/arm64/VideoEnhnacer-OutputFileMap.json -use-frontend-parseable-output -save-temps -no-color-diagnostics -serialize-diagnostics -emit-dependencies -emit-module -emit-module-path /Users/vaibhavtiwary/Library/Developer/Xcode/DerivedData/VideoEnhnacer-dqopdjmhhzmcwpbypehgajypqwjs/Build/Intermediates.noindex/VideoEnhnacer.build/Debug-iphonesimulator/VideoEnhnacer.build/Objects-normal/arm64/VideoEnhnacer.swiftmodule -validate-clang-modules-once -clang-build-session-file /Users/vaibhavtiwary/Library/Developer/Xcode/DerivedData/ModuleCache.noindex/Session.modulevalidation -Xcc -I/Users/vaibhavtiwary/Library/Developer/Xcode/DerivedData/VideoEnhnacer-dqopdjmhhzmcwpbypehgajypqwjs/Build/Intermediates.noindex/VideoEnhnacer.build/Debug-iphonesimulator/VideoEnhnacer.build/swift-overrides.hmap -emit-const-values -Xfrontend -const-gather-protocols-file -Xfrontend /Users/vaibhavtiwary/Library/Developer/Xcode/DerivedData/VideoEnhnacer-dqopdjmhhzmcwpbypehgajypqwjs/Build/Intermediates.noindex/VideoEnhnacer.build/Debug-iphonesimulator/VideoEnhnacer.build/Objects-normal/arm64/VideoEnhnacer_const_extract_protocols.json -Xcc -iquote -Xcc /Users/vaibhavtiwary/Library/Developer/Xcode/DerivedData/VideoEnhnacer-dqopdjmhhzmcwpbypehgajypqwjs/Build/Intermediates.noindex/VideoEnhnacer.build/Debug-iphonesimulator/VideoEnhnacer.build/VideoEnhnacer-generated-files.hmap -Xcc -I/Users/vaibhavtiwary/Library/Developer/Xcode/DerivedData/VideoEnhnacer-dqopdjmhhzmcwpbypehgajypqwjs/Build/Intermediates.noindex/VideoEnhnacer.build/Debug-iphonesimulator/VideoEnhnacer.build/VideoEnhnacer-own-target-headers.hmap -Xcc -I/Users/vaibhavtiwary/Library/Developer/Xcode/DerivedData/VideoEnhnacer-dqopdjmhhzmcwpbypehgajypqwjs/Build/Intermediates.noindex/VideoEnhnacer.build/Debug-iphonesimulator/VideoEnhnacer.build/VideoEnhnacer-all-non-framework-target-headers.hmap -Xcc -ivfsoverlay -Xcc /Users/vaibhavtiwary/Library/Developer/Xcode/DerivedData/VideoEnhnacer-dqopdjmhhzmcwpbypehgajypqwjs/Build/Intermediates.noindex/VideoEnhnacer.build/Debug-iphonesimulator/VideoEnhnacer-0bd6c0aff6428f03145378ef92fdfbee-VFS-iphonesimulator/all-product-headers.yaml -Xcc -iquote -Xcc /Users/vaibhavtiwary/Library/Developer/Xcode/DerivedData/VideoEnhnacer-dqopdjmhhzmcwpbypehgajypqwjs/Build/Intermediates.noindex/VideoEnhnacer.build/Debug-iphonesimulator/VideoEnhnacer.build/VideoEnhnacer-project-headers.hmap -Xcc -I/Users/vaibhavtiwary/Library/Developer/Xcode/DerivedData/VideoEnhnacer-dqopdjmhhzmcwpbypehgajypqwjs/Build/Products/Debug-iphonesimulator/include -Xcc -I/Users/vaibhavtiwary/Library/Developer/Xcode/DerivedData/VideoEnhnacer-dqopdjmhhzmcwpbypehgajypqwjs/Build/Intermediates.noindex/VideoEnhnacer.build/Debug-iphonesimulator/VideoEnhnacer.build/DerivedSources-normal/arm64 -Xcc -I/Users/vaibhavtiwary/Library/Developer/Xcode/DerivedData/VideoEnhnacer-dqopdjmhhzmcwpbypehgajypqwjs/Build/Intermediates.noindex/VideoEnhnacer.build/Debug-iphonesimulator/VideoEnhnacer.build/DerivedSources/arm64 -Xcc -I/Users/vaibhavtiwary/Library/Developer/Xcode/DerivedData/VideoEnhnacer-dqopdjmhhzmcwpbypehgajypqwjs/Build/Intermediates.noindex/VideoEnhnacer.build/Debug-iphonesimulator/VideoEnhnacer.build/DerivedSources -Xcc -DDEBUG\=1 -emit-objc-header -emit-objc-header-path /Users/vaibhavtiwary/Library/Developer/Xcode/DerivedData/VideoEnhnacer-dqopdjmhhzmcwpbypehgajypqwjs/Build/Intermediates.noindex/VideoEnhnacer.build/Debug-iphonesimulator/VideoEnhnacer.build/Objects-normal/arm64/VideoEnhnacer-Swift.h -working-directory /Users/vaibhavtiwary/Desktop/VideoEnhnacer -experimental-emit-module-separately -disable-cmo

SwiftCompile normal arm64 Compiling\ VideoResultsView.swift,\ RefactoredEnhancementSelectionView.swift /Users/vaibhavtiwary/Desktop/VideoEnhnacer/VideoEnhnacer/Views/VideoResultsView.swift /Users/vaibhavtiwary/Desktop/VideoEnhnacer/VideoEnhnacer/Views/Enhancement/RefactoredEnhancementSelectionView.swift (in target 'VideoEnhnacer' from project 'VideoEnhnacer')

SwiftCompile normal arm64 /Users/vaibhavtiwary/Desktop/VideoEnhnacer/VideoEnhnacer/Views/VideoResultsView.swift (in target 'VideoEnhnacer' from project 'VideoEnhnacer')
    cd /Users/vaibhavtiwary/Desktop/VideoEnhnacer
    

SwiftCompile normal arm64 /Users/vaibhavtiwary/Desktop/VideoEnhnacer/VideoEnhnacer/Views/Enhancement/RefactoredEnhancementSelectionView.swift (in target 'VideoEnhnacer' from project 'VideoEnhnacer')
    cd /Users/vaibhavtiwary/Desktop/VideoEnhnacer
    
/Users/vaibhavtiwary/Desktop/VideoEnhnacer/VideoEnhnacer/Views/Enhancement/RefactoredEnhancementSelectionView.swift:116:36: error: 'buildIf' is only available in iOS 16.0 or newer
        if !viewModel.isProcessing {
                                   ^
/Users/vaibhavtiwary/Desktop/VideoEnhnacer/VideoEnhnacer/Views/Enhancement/RefactoredEnhancementSelectionView.swift:116:36: note: add 'if #available' version check
        if !viewModel.isProcessing {
                                   ^
/Users/vaibhavtiwary/Desktop/VideoEnhnacer/VideoEnhnacer/Views/Enhancement/RefactoredEnhancementSelectionView.swift:115:17: note: add @available attribute to enclosing property
    private var navigationToolbar: some ToolbarContent {
                ^
/Users/vaibhavtiwary/Desktop/VideoEnhnacer/VideoEnhnacer/Views/Enhancement/RefactoredEnhancementSelectionView.swift:5:8: note: add @available attribute to enclosing struct
struct RefactoredEnhancementSelectionView: View {
       ^
/Users/vaibhavtiwary/Desktop/VideoEnhnacer/VideoEnhnacer/Views/Enhancement/RefactoredEnhancementSelectionView.swift:124:9: error: 'buildIf' is only available in iOS 16.0 or newer
        }
        ^
/Users/vaibhavtiwary/Desktop/VideoEnhnacer/VideoEnhnacer/Views/Enhancement/RefactoredEnhancementSelectionView.swift:124:9: note: add 'if #available' version check
        }
        ^
/Users/vaibhavtiwary/Desktop/VideoEnhnacer/VideoEnhnacer/Views/Enhancement/RefactoredEnhancementSelectionView.swift:115:17: note: add @available attribute to enclosing property
    private var navigationToolbar: some ToolbarContent {
                ^
/Users/vaibhavtiwary/Desktop/VideoEnhnacer/VideoEnhnacer/Views/Enhancement/RefactoredEnhancementSelectionView.swift:5:8: note: add @available attribute to enclosing struct
struct RefactoredEnhancementSelectionView: View {
       ^
/Users/vaibhavtiwary/Desktop/VideoEnhnacer/VideoEnhnacer/Views/Enhancement/RefactoredEnhancementSelectionView.swift:115:56: warning: conformance of 'Optional<Wrapped>' to 'ToolbarContent' is only available in iOS 16.0 or newer; this is an error in the Swift 6 language mode
    private var navigationToolbar: some ToolbarContent {
                                                       ^
/Users/vaibhavtiwary/Desktop/VideoEnhnacer/VideoEnhnacer/Views/Enhancement/RefactoredEnhancementSelectionView.swift:115:56: note: add 'if #available' version check
    private var navigationToolbar: some ToolbarContent {
                                                       ^
/Users/vaibhavtiwary/Desktop/VideoEnhnacer/VideoEnhnacer/Views/Enhancement/RefactoredEnhancementSelectionView.swift:115:17: note: add @available attribute to enclosing property
    private var navigationToolbar: some ToolbarContent {
                ^
/Users/vaibhavtiwary/Desktop/VideoEnhnacer/VideoEnhnacer/Views/Enhancement/RefactoredEnhancementSelectionView.swift:5:8: note: add @available attribute to enclosing struct
struct RefactoredEnhancementSelectionView: View {
       ^
/Users/vaibhavtiwary/Desktop/VideoEnhnacer/VideoEnhnacer/Views/Enhancement/RefactoredEnhancementSelectionView.swift:208:65: error: member 'completed' expects argument of type 'EnhancementResult'
                if let onCancel = onCancel, processingState != .completed {
                                                                ^

Failed frontend command:
/Applications/Xcode.app/Contents/Developer/Toolchains/XcodeDefault.xctoolchain/usr/bin/swift-frontend -frontend -c /Users/vaibhavtiwary/Desktop/VideoEnhnacer/VideoEnhnacer/Views/EnhancementSelectionView.swift /Users/vaibhavtiwary/Desktop/VideoEnhnacer/VideoEnhnacer/Components/ImageComparisonCard.swift /Users/vaibhavtiwary/Desktop/VideoEnhnacer/VideoEnhnacer/Views/VideoTrimmingView.swift /Users/vaibhavtiwary/Desktop/VideoEnhnacer/VideoEnhnacer/Components/VideoPlayerView.swift /Users/vaibhavtiwary/Desktop/VideoEnhnacer/VideoEnhnacer/Extensions/iOS15Compatibility.swift /Users/vaibhavtiwary/Desktop/VideoEnhnacer/VideoEnhnacer/Protocols/NavigationCoordinatorProtocol.swift /Users/vaibhavtiwary/Desktop/VideoEnhnacer/VideoEnhnacer/Utilities/DeepLinkHandler.swift /Users/vaibhavtiwary/Desktop/VideoEnhnacer/VideoEnhnacer/Components/EnhancementOptionSelector.swift /Users/vaibhavtiwary/Desktop/VideoEnhnacer/VideoEnhnacer/Views/VideoPickerView.swift /Users/vaibhavtiwary/Desktop/VideoEnhnacer/VideoEnhnacer/Components/VideoComparisonCard.swift /Users/vaibhavtiwary/Desktop/VideoEnhnacer/VideoEnhnacer/Services/VideoProcessingService.swift /Users/vaibhavtiwary/Desktop/VideoEnhnacer/VideoEnhnacer/Views/PaywallView.swift /Users/vaibhavtiwary/Desktop/VideoEnhnacer/VideoEnhnacer/Components/PropertySlider.swift /Users/vaibhavtiwary/Desktop/VideoEnhnacer/VideoEnhnacer/Coordinators/AppCoordinator.swift /Users/vaibhavtiwary/Desktop/VideoEnhnacer/VideoEnhnacer/Managers/PermissionManager.swift /Users/vaibhavtiwary/Desktop/VideoEnhnacer/VideoEnhnacer/Services/FrameInterpolationService.swift /Users/vaibhavtiwary/Desktop/VideoEnhnacer/VideoEnhnacer/ViewModels/VideoPlayerViewModel.swift /Users/vaibhavtiwary/Desktop/VideoEnhnacer/VideoEnhnacer/Views/HeaderView.swift /Users/vaibhavtiwary/Desktop/VideoEnhnacer/VideoEnhnacer/Components/NativeVideoTrimmerView.swift /Users/vaibhavtiwary/Desktop/VideoEnhnacer/VideoEnhnacer/Extensions/View+Extensions.swift /Users/vaibhavtiwary/Desktop/VideoEnhnacer/VideoEnhnacer/Protocols/VideoProcessingProtocol.swift /Users/vaibhavtiwary/Desktop/VideoEnhnacer/VideoEnhnacer/Utilities/Logger.swift /Users/vaibhavtiwary/Desktop/VideoEnhnacer/VideoEnhnacer/Views/ContentView2.swift /Users/vaibhavtiwary/Desktop/VideoEnhnacer/VideoEnhnacer/Components/FloatingActionButton.swift -primary-file /Users/vaibhavtiwary/Desktop/VideoEnhnacer/VideoEnhnacer/Views/VideoResultsView.swift /Users/vaibhavtiwary/Desktop/VideoEnhnacer/VideoEnhnacer/Components/VideoInfoCard.swift /Users/vaibhavtiwary/Desktop/VideoEnhnacer/VideoEnhnacer/Extensions/GradientType+Extensions.swift /Users/vaibhavtiwary/Desktop/VideoEnhnacer/VideoEnhnacer/Protocols/EnhancementServiceProtocol.swift /Users/vaibhavtiwary/Desktop/VideoEnhnacer/VideoEnhnacer/Utilities/AppConfig.swift -primary-file /Users/vaibhavtiwary/Desktop/VideoEnhnacer/VideoEnhnacer/Views/Enhancement/RefactoredEnhancementSelectionView.swift /Users/vaibhavtiwary/Desktop/VideoEnhnacer/VideoEnhnacer/Components/CustomTabBar.swift /Users/vaibhavtiwary/Desktop/VideoEnhnacer/VideoEnhnacer/Views/SidebarView.swift /Users/vaibhavtiwary/Desktop/VideoEnhnacer/VideoEnhnacer/Components/SpatialVideoPreview.swift /Users/vaibhavtiwary/Desktop/VideoEnhnacer/VideoEnhnacer/DependencyInjection/DIContainer.swift /Users/vaibhavtiwary/Desktop/VideoEnhnacer/VideoEnhnacer/Services/VideoPlayerService.swift /Users/vaibhavtiwary/Desktop/VideoEnhnacer/VideoEnhnacer/Views/MyCreationsView.swift /Users/vaibhavtiwary/Desktop/VideoEnhnacer/VideoEnhnacer/Components/PageControlImageCarousel.swift /Users/vaibhavtiwary/Desktop/VideoEnhnacer/VideoEnhnacer/ContentView.swift /Users/vaibhavtiwary/Desktop/VideoEnhnacer/VideoEnhnacer/Components/VideoTrimmingSlider.swift /Users/vaibhavtiwary/Desktop/VideoEnhnacer/VideoEnhnacer/Managers/FavoritesManager.swift /Users/vaibhavtiwary/Desktop/VideoEnhnacer/VideoEnhnacer/Services/EnhancementService.swift /Users/vaibhavtiwary/Desktop/VideoEnhnacer/VideoEnhnacer/ViewModels/EnhancementSelectionViewModel.swift /Users/vaibhavtiwary/Desktop/VideoEnhnacer/VideoEnhnacer/Views/FavoritesView.swift /Users/vaibhavtiwary/Desktop/VideoEnhnacer/VideoEnhnacer/Components/ImageComparisonSlider.swift /Users/vaibhavtiwary/Desktop/VideoEnhnacer/VideoEnhnacer/Components/VideoPropertyCard.swift /Users/vaibhavtiwary/Desktop/VideoEnhnacer/VideoEnhnacer/Extensions/View+Conditional.swift /Users/vaibhavtiwary/Desktop/VideoEnhnacer/VideoEnhnacer/Protocols/VideoPlayerProtocol.swift /Users/vaibhavtiwary/Desktop/VideoEnhnacer/VideoEnhnacer/Utilities/DocumentPickerDelegate.swift /Users/vaibhavtiwary/Desktop/VideoEnhnacer/VideoEnhnacer/Views/Trimming/RefactoredVideoTrimmingView.swift /Users/vaibhavtiwary/Desktop/VideoEnhnacer/VideoEnhnacer/Components/ExportOptionsView.swift /Users/vaibhavtiwary/Desktop/VideoEnhnacer/VideoEnhnacer/Views/VideoPropertyListView.swift /Users/vaibhavtiwary/Desktop/VideoEnhnacer/VideoEnhnacer/Components/VideoComparisonSlider.swift /Users/vaibhavtiwary/Desktop/VideoEnhnacer/VideoEnhnacer/Extensions/AppGradients.swift /Users/vaibhavtiwary/Desktop/VideoEnhnacer/VideoEnhnacer/Views/SettingsView.swift /Users/vaibhavtiwary/Desktop/VideoEnhnacer/VideoEnhnacer/Components/PryntTrimmerRepresentable.swift /Users/vaibhavtiwary/Desktop/VideoEnhnacer/VideoEnhnacer/Managers/VideoPlayerManager.swift /Users/vaibhavtiwary/Desktop/VideoEnhnacer/VideoEnhnacer/Services/ServerEnhancementService.swift /Users/vaibhavtiwary/Desktop/VideoEnhnacer/VideoEnhnacer/ViewModels/VideoTrimmingViewModel.swift /Users/vaibhavtiwary/Desktop/VideoEnhnacer/VideoEnhnacer/Views/HomeView.swift /Users/vaibhavtiwary/Desktop/VideoEnhnacer/VideoEnhnacer/Components/NeomorphicButton.swift /Users/vaibhavtiwary/Desktop/VideoEnhnacer/VideoEnhnacer/ContentShree2.swift /Users/vaibhavtiwary/Desktop/VideoEnhnacer/VideoEnhnacer/VideoEnhnacerApp.swift /Users/vaibhavtiwary/Library/Developer/Xcode/DerivedData/VideoEnhnacer-dqopdjmhhzmcwpbypehgajypqwjs/Build/Intermediates.noindex/VideoEnhnacer.build/Debug-iphonesimulator/VideoEnhnacer.build/DerivedSources/GeneratedAssetSymbols.swift -emit-dependencies-path /Users/vaibhavtiwary/Library/Developer/Xcode/DerivedData/VideoEnhnacer-dqopdjmhhzmcwpbypehgajypqwjs/Build/Intermediates.noindex/VideoEnhnacer.build/Debug-iphonesimulator/VideoEnhnacer.build/Objects-normal/arm64/VideoResultsView.d -emit-const-values-path /Users/vaibhavtiwary/Library/Developer/Xcode/DerivedData/VideoEnhnacer-dqopdjmhhzmcwpbypehgajypqwjs/Build/Intermediates.noindex/VideoEnhnacer.build/Debug-iphonesimulator/VideoEnhnacer.build/Objects-normal/arm64/VideoResultsView.swiftconstvalues -emit-reference-dependencies-path /Users/vaibhavtiwary/Library/Developer/Xcode/DerivedData/VideoEnhnacer-dqopdjmhhzmcwpbypehgajypqwjs/Build/Intermediates.noindex/VideoEnhnacer.build/Debug-iphonesimulator/VideoEnhnacer.build/Objects-normal/arm64/VideoResultsView.swiftdeps -serialize-diagnostics-path /Users/vaibhavtiwary/Library/Developer/Xcode/DerivedData/VideoEnhnacer-dqopdjmhhzmcwpbypehgajypqwjs/Build/Intermediates.noindex/VideoEnhnacer.build/Debug-iphonesimulator/VideoEnhnacer.build/Objects-normal/arm64/VideoResultsView.dia -emit-dependencies-path /Users/vaibhavtiwary/Library/Developer/Xcode/DerivedData/VideoEnhnacer-dqopdjmhhzmcwpbypehgajypqwjs/Build/Intermediates.noindex/VideoEnhnacer.build/Debug-iphonesimulator/VideoEnhnacer.build/Objects-normal/arm64/RefactoredEnhancementSelectionView.d -emit-const-values-path /Users/vaibhavtiwary/Library/Developer/Xcode/DerivedData/VideoEnhnacer-dqopdjmhhzmcwpbypehgajypqwjs/Build/Intermediates.noindex/VideoEnhnacer.build/Debug-iphonesimulator/VideoEnhnacer.build/Objects-normal/arm64/RefactoredEnhancementSelectionView.swiftconstvalues -emit-reference-dependencies-path /Users/vaibhavtiwary/Library/Developer/Xcode/DerivedData/VideoEnhnacer-dqopdjmhhzmcwpbypehgajypqwjs/Build/Intermediates.noindex/VideoEnhnacer.build/Debug-iphonesimulator/VideoEnhnacer.build/Objects-normal/arm64/RefactoredEnhancementSelectionView.swiftdeps -serialize-diagnostics-path /Users/vaibhavtiwary/Library/Developer/Xcode/DerivedData/VideoEnhnacer-dqopdjmhhzmcwpbypehgajypqwjs/Build/Intermediates.noindex/VideoEnhnacer.build/Debug-iphonesimulator/VideoEnhnacer.build/Objects-normal/arm64/RefactoredEnhancementSelectionView.dia -emit-localized-strings -emit-localized-strings-path /Users/vaibhavtiwary/Library/Developer/Xcode/DerivedData/VideoEnhnacer-dqopdjmhhzmcwpbypehgajypqwjs/Build/Intermediates.noindex/VideoEnhnacer.build/Debug-iphonesimulator/VideoEnhnacer.build/Objects-normal/arm64 -target arm64-apple-ios15.6-simulator -Xllvm -aarch64-use-tbi -enable-objc-interop -sdk /Applications/Xcode.app/Contents/Developer/Platforms/iPhoneSimulator.platform/Developer/SDKs/iPhoneSimulator18.5.sdk -I /Users/vaibhavtiwary/Library/Developer/Xcode/DerivedData/VideoEnhnacer-dqopdjmhhzmcwpbypehgajypqwjs/Build/Products/Debug-iphonesimulator -F /Users/vaibhavtiwary/Library/Developer/Xcode/DerivedData/VideoEnhnacer-dqopdjmhhzmcwpbypehgajypqwjs/Build/Products/Debug-iphonesimulator/PackageFrameworks -F /Users/vaibhavtiwary/Library/Developer/Xcode/DerivedData/VideoEnhnacer-dqopdjmhhzmcwpbypehgajypqwjs/Build/Products/Debug-iphonesimulator -no-color-diagnostics -enable-testing -g -debug-info-format\=dwarf -dwarf-version\=4 -module-cache-path /Users/vaibhavtiwary/Library/Developer/Xcode/DerivedData/ModuleCache.noindex -swift-version 5 -enforce-exclusivity\=checked -Onone -D DEBUG -serialize-debugging-options -const-gather-protocols-file /Users/vaibhavtiwary/Library/Developer/Xcode/DerivedData/VideoEnhnacer-dqopdjmhhzmcwpbypehgajypqwjs/Build/Intermediates.noindex/VideoEnhnacer.build/Debug-iphonesimulator/VideoEnhnacer.build/Objects-normal/arm64/VideoEnhnacer_const_extract_protocols.json -enable-experimental-feature DebugDescriptionMacro -enable-bare-slash-regex -empty-abi-descriptor -validate-clang-modules-once -clang-build-session-file /Users/vaibhavtiwary/Library/Developer/Xcode/DerivedData/ModuleCache.noindex/Session.modulevalidation -Xcc -working-directory -Xcc /Users/vaibhavtiwary/Desktop/VideoEnhnacer -resource-dir /Applications/Xcode.app/Contents/Developer/Toolchains/XcodeDefault.xctoolchain/usr/lib/swift -enable-anonymous-context-mangled-names -file-compilation-dir /Users/vaibhavtiwary/Desktop/VideoEnhnacer -Xcc -ivfsstatcache -Xcc /Users/vaibhavtiwary/Library/Developer/Xcode/DerivedData/SDKStatCaches.noindex/iphonesimulator18.5-22F76-d5fc8ad4295d2ef488fb7d0f804ce0c4.sdkstatcache -Xcc -I/Users/vaibhavtiwary/Library/Developer/Xcode/DerivedData/VideoEnhnacer-dqopdjmhhzmcwpbypehgajypqwjs/Build/Intermediates.noindex/VideoEnhnacer.build/Debug-iphonesimulator/VideoEnhnacer.build/swift-overrides.hmap -Xcc -iquote -Xcc /Users/vaibhavtiwary/Library/Developer/Xcode/DerivedData/VideoEnhnacer-dqopdjmhhzmcwpbypehgajypqwjs/Build/Intermediates.noindex/VideoEnhnacer.build/Debug-iphonesimulator/VideoEnhnacer.build/VideoEnhnacer-generated-files.hmap -Xcc -I/Users/vaibhavtiwary/Library/Developer/Xcode/DerivedData/VideoEnhnacer-dqopdjmhhzmcwpbypehgajypqwjs/Build/Intermediates.noindex/VideoEnhnacer.build/Debug-iphonesimulator/VideoEnhnacer.build/VideoEnhnacer-own-target-headers.hmap -Xcc -I/Users/vaibhavtiwary/Library/Developer/Xcode/DerivedData/VideoEnhnacer-dqopdjmhhzmcwpbypehgajypqwjs/Build/Intermediates.noindex/VideoEnhnacer.build/Debug-iphonesimulator/VideoEnhnacer.build/VideoEnhnacer-all-non-framework-target-headers.hmap -Xcc -ivfsoverlay -Xcc /Users/vaibhavtiwary/Library/Developer/Xcode/DerivedData/VideoEnhnacer-dqopdjmhhzmcwpbypehgajypqwjs/Build/Intermediates.noindex/VideoEnhnacer.build/Debug-iphonesimulator/VideoEnhnacer-0bd6c0aff6428f03145378ef92fdfbee-VFS-iphonesimulator/all-product-headers.yaml -Xcc -iquote -Xcc /Users/vaibhavtiwary/Library/Developer/Xcode/DerivedData/VideoEnhnacer-dqopdjmhhzmcwpbypehgajypqwjs/Build/Intermediates.noindex/VideoEnhnacer.build/Debug-iphonesimulator/VideoEnhnacer.build/VideoEnhnacer-project-headers.hmap -Xcc -I/Users/vaibhavtiwary/Library/Developer/Xcode/DerivedData/VideoEnhnacer-dqopdjmhhzmcwpbypehgajypqwjs/Build/Products/Debug-iphonesimulator/include -Xcc -I/Users/vaibhavtiwary/Library/Developer/Xcode/DerivedData/VideoEnhnacer-dqopdjmhhzmcwpbypehgajypqwjs/Build/Intermediates.noindex/VideoEnhnacer.build/Debug-iphonesimulator/VideoEnhnacer.build/DerivedSources-normal/arm64 -Xcc -I/Users/vaibhavtiwary/Library/Developer/Xcode/DerivedData/VideoEnhnacer-dqopdjmhhzmcwpbypehgajypqwjs/Build/Intermediates.noindex/VideoEnhnacer.build/Debug-iphonesimulator/VideoEnhnacer.build/DerivedSources/arm64 -Xcc -I/Users/vaibhavtiwary/Library/Developer/Xcode/DerivedData/VideoEnhnacer-dqopdjmhhzmcwpbypehgajypqwjs/Build/Intermediates.noindex/VideoEnhnacer.build/Debug-iphonesimulator/VideoEnhnacer.build/DerivedSources -Xcc -DDEBUG\=1 -module-name VideoEnhnacer -frontend-parseable-output -disable-clang-spi -target-sdk-version 18.5 -target-sdk-name iphonesimulator18.5 -external-plugin-path /Applications/Xcode.app/Contents/Developer/Platforms/iPhoneOS.platform/Developer/usr/lib/swift/host/plugins\#/Applications/Xcode.app/Contents/Developer/Platforms/iPhoneOS.platform/Developer/usr/bin/swift-plugin-server -external-plugin-path /Applications/Xcode.app/Contents/Developer/Platforms/iPhoneOS.platform/Developer/usr/local/lib/swift/host/plugins\#/Applications/Xcode.app/Contents/Developer/Platforms/iPhoneOS.platform/Developer/usr/bin/swift-plugin-server -in-process-plugin-server-path /Applications/Xcode.app/Contents/Developer/Toolchains/XcodeDefault.xctoolchain/usr/lib/swift/host/libSwiftInProcPluginServer.dylib -plugin-path /Applications/Xcode.app/Contents/Developer/Toolchains/XcodeDefault.xctoolchain/usr/lib/swift/host/plugins -plugin-path /Applications/Xcode.app/Contents/Developer/Toolchains/XcodeDefault.xctoolchain/usr/local/lib/swift/host/plugins -o /Users/vaibhavtiwary/Library/Developer/Xcode/DerivedData/VideoEnhnacer-dqopdjmhhzmcwpbypehgajypqwjs/Build/Intermediates.noindex/VideoEnhnacer.build/Debug-iphonesimulator/VideoEnhnacer.build/Objects-normal/arm64/VideoResultsView.o -o /Users/vaibhavtiwary/Library/Developer/Xcode/DerivedData/VideoEnhnacer-dqopdjmhhzmcwpbypehgajypqwjs/Build/Intermediates.noindex/VideoEnhnacer.build/Debug-iphonesimulator/VideoEnhnacer.build/Objects-normal/arm64/RefactoredEnhancementSelectionView.o -index-unit-output-path /VideoEnhnacer.build/Debug-iphonesimulator/VideoEnhnacer.build/Objects-normal/arm64/VideoResultsView.o -index-unit-output-path /VideoEnhnacer.build/Debug-iphonesimulator/VideoEnhnacer.build/Objects-normal/arm64/RefactoredEnhancementSelectionView.o -index-store-path /Users/vaibhavtiwary/Library/Developer/Xcode/DerivedData/VideoEnhnacer-dqopdjmhhzmcwpbypehgajypqwjs/Index.noindex/DataStore -index-system-modules
SwiftEmitModule normal arm64 Emitting\ module\ for\ VideoEnhnacer (in target 'VideoEnhnacer' from project 'VideoEnhnacer')
EmitSwiftModule normal arm64 (in target 'VideoEnhnacer' from project 'VideoEnhnacer')
    cd /Users/vaibhavtiwary/Desktop/VideoEnhnacer
    

SwiftCompile normal arm64 Compiling\ EnhancementSelectionViewModel.swift /Users/vaibhavtiwary/Desktop/VideoEnhnacer/VideoEnhnacer/ViewModels/EnhancementSelectionViewModel.swift (in target 'VideoEnhnacer' from project 'VideoEnhnacer')

SwiftCompile normal arm64 /Users/vaibhavtiwary/Desktop/VideoEnhnacer/VideoEnhnacer/ViewModels/EnhancementSelectionViewModel.swift (in target 'VideoEnhnacer' from project 'VideoEnhnacer')
    cd /Users/vaibhavtiwary/Desktop/VideoEnhnacer
    

SwiftCompile normal arm64 Compiling\ VideoTrimmingViewModel.swift /Users/vaibhavtiwary/Desktop/VideoEnhnacer/VideoEnhnacer/ViewModels/VideoTrimmingViewModel.swift (in target 'VideoEnhnacer' from project 'VideoEnhnacer')

SwiftCompile normal arm64 /Users/vaibhavtiwary/Desktop/VideoEnhnacer/VideoEnhnacer/ViewModels/VideoTrimmingViewModel.swift (in target 'VideoEnhnacer' from project 'VideoEnhnacer')
    cd /Users/vaibhavtiwary/Desktop/VideoEnhnacer
    

SwiftCompile normal arm64 Compiling\ VideoPlayerProtocol.swift /Users/vaibhavtiwary/Desktop/VideoEnhnacer/VideoEnhnacer/Protocols/VideoPlayerProtocol.swift (in target 'VideoEnhnacer' from project 'VideoEnhnacer')

SwiftCompile normal arm64 /Users/vaibhavtiwary/Desktop/VideoEnhnacer/VideoEnhnacer/Protocols/VideoPlayerProtocol.swift (in target 'VideoEnhnacer' from project 'VideoEnhnacer')
    cd /Users/vaibhavtiwary/Desktop/VideoEnhnacer
    

SwiftCompile normal arm64 Compiling\ HomeView.swift /Users/vaibhavtiwary/Desktop/VideoEnhnacer/VideoEnhnacer/Views/HomeView.swift (in target 'VideoEnhnacer' from project 'VideoEnhnacer')

SwiftCompile normal arm64 /Users/vaibhavtiwary/Desktop/VideoEnhnacer/VideoEnhnacer/Views/HomeView.swift (in target 'VideoEnhnacer' from project 'VideoEnhnacer')
    cd /Users/vaibhavtiwary/Desktop/VideoEnhnacer
    

SwiftCompile normal arm64 Compiling\ VideoPlayerManager.swift /Users/vaibhavtiwary/Desktop/VideoEnhnacer/VideoEnhnacer/Managers/VideoPlayerManager.swift (in target 'VideoEnhnacer' from project 'VideoEnhnacer')

SwiftCompile normal arm64 /Users/vaibhavtiwary/Desktop/VideoEnhnacer/VideoEnhnacer/Managers/VideoPlayerManager.swift (in target 'VideoEnhnacer' from project 'VideoEnhnacer')
    cd /Users/vaibhavtiwary/Desktop/VideoEnhnacer
    
/Users/vaibhavtiwary/Desktop/VideoEnhnacer/VideoEnhnacer/Managers/VideoPlayerManager.swift:124:38: warning: capture of 'asset' with non-sendable type 'AVAsset' in a '@Sendable' closure
                        let status = asset.statusOfValue(forKey: "playable", error: &err)
                                     ^
/Applications/Xcode.app/Contents/Developer/Platforms/iPhoneSimulator.platform/Developer/SDKs/iPhoneSimulator18.5.sdk/System/Library/Frameworks/AVFoundation.framework/Headers/AVAsset.h:62:12: note: class 'AVAsset' does not conform to the 'Sendable' protocol
@interface AVAsset : NSObject <NSCopying, AVAsynchronousKeyValueLoading>
           ^
/Users/vaibhavtiwary/Desktop/VideoEnhnacer/VideoEnhnacer/Managers/VideoPlayerManager.swift:2:1: warning: add '@preconcurrency' to suppress 'Sendable'-related warnings from module 'AVFoundation'
import AVFoundation
^
@preconcurrency 
/Users/vaibhavtiwary/Desktop/VideoEnhnacer/VideoEnhnacer/Managers/VideoPlayerManager.swift:167:58: warning: capture of 'asset' with non-sendable type 'AVAsset' in a '@Sendable' closure
                                            let status = asset.statusOfValue(forKey: "playable", error: &error)
                                                         ^
/Applications/Xcode.app/Contents/Developer/Platforms/iPhoneSimulator.platform/Developer/SDKs/iPhoneSimulator18.5.sdk/System/Library/Frameworks/AVFoundation.framework/Headers/AVAsset.h:62:12: note: class 'AVAsset' does not conform to the 'Sendable' protocol
@interface AVAsset : NSObject <NSCopying, AVAsynchronousKeyValueLoading>
           ^
/Users/vaibhavtiwary/Desktop/VideoEnhnacer/VideoEnhnacer/Managers/VideoPlayerManager.swift:254:23: warning: value 'self' was defined but never used; consider replacing with boolean test
            guard let self = self else { return }
                  ~~~~^~~~~~~
                                  != nil

SwiftCompile normal arm64 Compiling\ RefactoredVideoTrimmingView.swift /Users/vaibhavtiwary/Desktop/VideoEnhnacer/VideoEnhnacer/Views/Trimming/RefactoredVideoTrimmingView.swift (in target 'VideoEnhnacer' from project 'VideoEnhnacer')

SwiftCompile normal arm64 /Users/vaibhavtiwary/Desktop/VideoEnhnacer/VideoEnhnacer/Views/Trimming/RefactoredVideoTrimmingView.swift (in target 'VideoEnhnacer' from project 'VideoEnhnacer')
    cd /Users/vaibhavtiwary/Desktop/VideoEnhnacer
    

SwiftCompile normal arm64 Compiling\ SpatialVideoPreview.swift,\ DIContainer.swift /Users/vaibhavtiwary/Desktop/VideoEnhnacer/VideoEnhnacer/Components/SpatialVideoPreview.swift /Users/vaibhavtiwary/Desktop/VideoEnhnacer/VideoEnhnacer/DependencyInjection/DIContainer.swift (in target 'VideoEnhnacer' from project 'VideoEnhnacer')
SwiftCompile normal arm64 /Users/vaibhavtiwary/Desktop/VideoEnhnacer/VideoEnhnacer/Components/SpatialVideoPreview.swift (in target 'VideoEnhnacer' from project 'VideoEnhnacer')
    cd /Users/vaibhavtiwary/Desktop/VideoEnhnacer
    

SwiftCompile normal arm64 /Users/vaibhavtiwary/Desktop/VideoEnhnacer/VideoEnhnacer/DependencyInjection/DIContainer.swift (in target 'VideoEnhnacer' from project 'VideoEnhnacer')
    cd /Users/vaibhavtiwary/Desktop/VideoEnhnacer
    

SwiftCompile normal arm64 Compiling\ VideoPlayerService.swift /Users/vaibhavtiwary/Desktop/VideoEnhnacer/VideoEnhnacer/Services/VideoPlayerService.swift (in target 'VideoEnhnacer' from project 'VideoEnhnacer')

SwiftCompile normal arm64 /Users/vaibhavtiwary/Desktop/VideoEnhnacer/VideoEnhnacer/Services/VideoPlayerService.swift (in target 'VideoEnhnacer' from project 'VideoEnhnacer')
    cd /Users/vaibhavtiwary/Desktop/VideoEnhnacer
    
/Users/vaibhavtiwary/Desktop/VideoEnhnacer/VideoEnhnacer/Services/VideoPlayerService.swift:120:9: warning: expression is 'async' but is not marked with 'await'; this is an error in the Swift 6 language mode
        playerPair.normal.play()
        ^~~~~~~~~~~~~~~~~~~~~~~~
        await 
/Users/vaibhavtiwary/Desktop/VideoEnhnacer/VideoEnhnacer/Services/VideoPlayerService.swift:120:9: note: calls to instance method 'play()' from outside of its actor context are implicitly asynchronous
        playerPair.normal.play()
        ^
/Users/vaibhavtiwary/Desktop/VideoEnhnacer/VideoEnhnacer/Services/VideoPlayerService.swift:121:9: warning: expression is 'async' but is not marked with 'await'; this is an error in the Swift 6 language mode
        playerPair.enhanced.play()
        ^~~~~~~~~~~~~~~~~~~~~~~~~~
        await 
/Users/vaibhavtiwary/Desktop/VideoEnhnacer/VideoEnhnacer/Services/VideoPlayerService.swift:121:9: note: calls to instance method 'play()' from outside of its actor context are implicitly asynchronous
        playerPair.enhanced.play()
        ^
/Users/vaibhavtiwary/Desktop/VideoEnhnacer/VideoEnhnacer/Services/VideoPlayerService.swift:229:50: warning: capture of 'asset' with non-sendable type 'AVAsset' in a '@Sendable' closure
                                    let status = asset.statusOfValue(forKey: "playable", error: &error)
                                                 ^
/Applications/Xcode.app/Contents/Developer/Platforms/iPhoneSimulator.platform/Developer/SDKs/iPhoneSimulator18.5.sdk/System/Library/Frameworks/AVFoundation.framework/Headers/AVAsset.h:62:12: note: class 'AVAsset' does not conform to the 'Sendable' protocol
@interface AVAsset : NSObject <NSCopying, AVAsynchronousKeyValueLoading>
           ^
/Users/vaibhavtiwary/Desktop/VideoEnhnacer/VideoEnhnacer/Services/VideoPlayerService.swift:2:1: warning: add '@preconcurrency' to suppress 'Sendable'-related warnings from module 'AVFoundation'
import AVFoundation
^
@preconcurrency 

SwiftCompile normal arm64 Compiling\ ImageComparisonCard.swift,\ VideoPlayerViewModel.swift /Users/vaibhavtiwary/Desktop/VideoEnhnacer/VideoEnhnacer/Components/ImageComparisonCard.swift /Users/vaibhavtiwary/Desktop/VideoEnhnacer/VideoEnhnacer/ViewModels/VideoPlayerViewModel.swift (in target 'VideoEnhnacer' from project 'VideoEnhnacer')

SwiftCompile normal arm64 /Users/vaibhavtiwary/Desktop/VideoEnhnacer/VideoEnhnacer/Components/ImageComparisonCard.swift (in target 'VideoEnhnacer' from project 'VideoEnhnacer')
    cd /Users/vaibhavtiwary/Desktop/VideoEnhnacer
    

SwiftCompile normal arm64 /Users/vaibhavtiwary/Desktop/VideoEnhnacer/VideoEnhnacer/ViewModels/VideoPlayerViewModel.swift (in target 'VideoEnhnacer' from project 'VideoEnhnacer')
    cd /Users/vaibhavtiwary/Desktop/VideoEnhnacer
    

SwiftDriverJobDiscovery normal arm64 Compiling VideoPlayerProtocol.swift (in target 'VideoEnhnacer' from project 'VideoEnhnacer')

SwiftDriverJobDiscovery normal arm64 Compiling EnhancementSelectionViewModel.swift (in target 'VideoEnhnacer' from project 'VideoEnhnacer')

SwiftDriverJobDiscovery normal arm64 Compiling VideoTrimmingViewModel.swift (in target 'VideoEnhnacer' from project 'VideoEnhnacer')

SwiftDriverJobDiscovery normal arm64 Compiling VideoPlayerService.swift (in target 'VideoEnhnacer' from project 'VideoEnhnacer')

SwiftDriverJobDiscovery normal arm64 Compiling HomeView.swift (in target 'VideoEnhnacer' from project 'VideoEnhnacer')

SwiftDriverJobDiscovery normal arm64 Compiling VideoPlayerManager.swift (in target 'VideoEnhnacer' from project 'VideoEnhnacer')

SwiftCompile normal arm64 Compiling\ VideoComparisonSlider.swift,\ SettingsView.swift,\ NeomorphicButton.swift /Users/vaibhavtiwary/Desktop/VideoEnhnacer/VideoEnhnacer/Components/VideoComparisonSlider.swift /Users/vaibhavtiwary/Desktop/VideoEnhnacer/VideoEnhnacer/Views/SettingsView.swift /Users/vaibhavtiwary/Desktop/VideoEnhnacer/VideoEnhnacer/Components/NeomorphicButton.swift (in target 'VideoEnhnacer' from project 'VideoEnhnacer')

SwiftCompile normal arm64 /Users/vaibhavtiwary/Desktop/VideoEnhnacer/VideoEnhnacer/Components/VideoComparisonSlider.swift (in target 'VideoEnhnacer' from project 'VideoEnhnacer')
    cd /Users/vaibhavtiwary/Desktop/VideoEnhnacer
    

SwiftCompile normal arm64 /Users/vaibhavtiwary/Desktop/VideoEnhnacer/VideoEnhnacer/Views/SettingsView.swift (in target 'VideoEnhnacer' from project 'VideoEnhnacer')
    cd /Users/vaibhavtiwary/Desktop/VideoEnhnacer
    

SwiftCompile normal arm64 /Users/vaibhavtiwary/Desktop/VideoEnhnacer/VideoEnhnacer/Components/NeomorphicButton.swift (in target 'VideoEnhnacer' from project 'VideoEnhnacer')
    cd /Users/vaibhavtiwary/Desktop/VideoEnhnacer
    

SwiftCompile normal arm64 Compiling\ VideoInfoCard.swift,\ CustomTabBar.swift,\ SidebarView.swift /Users/vaibhavtiwary/Desktop/VideoEnhnacer/VideoEnhnacer/Components/VideoInfoCard.swift /Users/vaibhavtiwary/Desktop/VideoEnhnacer/VideoEnhnacer/Components/CustomTabBar.swift /Users/vaibhavtiwary/Desktop/VideoEnhnacer/VideoEnhnacer/Views/SidebarView.swift (in target 'VideoEnhnacer' from project 'VideoEnhnacer')

SwiftCompile normal arm64 /Users/vaibhavtiwary/Desktop/VideoEnhnacer/VideoEnhnacer/Components/VideoInfoCard.swift (in target 'VideoEnhnacer' from project 'VideoEnhnacer')
    cd /Users/vaibhavtiwary/Desktop/VideoEnhnacer
    

SwiftCompile normal arm64 /Users/vaibhavtiwary/Desktop/VideoEnhnacer/VideoEnhnacer/Components/CustomTabBar.swift (in target 'VideoEnhnacer' from project 'VideoEnhnacer')
    cd /Users/vaibhavtiwary/Desktop/VideoEnhnacer
    

SwiftCompile normal arm64 /Users/vaibhavtiwary/Desktop/VideoEnhnacer/VideoEnhnacer/Views/SidebarView.swift (in target 'VideoEnhnacer' from project 'VideoEnhnacer')
    cd /Users/vaibhavtiwary/Desktop/VideoEnhnacer
    

SwiftCompile normal arm64 Compiling\ DeepLinkHandler.swift,\ EnhancementOptionSelector.swift,\ VideoPickerView.swift /Users/vaibhavtiwary/Desktop/VideoEnhnacer/VideoEnhnacer/Utilities/DeepLinkHandler.swift /Users/vaibhavtiwary/Desktop/VideoEnhnacer/VideoEnhnacer/Components/EnhancementOptionSelector.swift /Users/vaibhavtiwary/Desktop/VideoEnhnacer/VideoEnhnacer/Views/VideoPickerView.swift (in target 'VideoEnhnacer' from project 'VideoEnhnacer')

SwiftCompile normal arm64 /Users/vaibhavtiwary/Desktop/VideoEnhnacer/VideoEnhnacer/Utilities/DeepLinkHandler.swift (in target 'VideoEnhnacer' from project 'VideoEnhnacer')
    cd /Users/vaibhavtiwary/Desktop/VideoEnhnacer
    

SwiftCompile normal arm64 /Users/vaibhavtiwary/Desktop/VideoEnhnacer/VideoEnhnacer/Components/EnhancementOptionSelector.swift (in target 'VideoEnhnacer' from project 'VideoEnhnacer')
    cd /Users/vaibhavtiwary/Desktop/VideoEnhnacer
    

SwiftCompile normal arm64 /Users/vaibhavtiwary/Desktop/VideoEnhnacer/VideoEnhnacer/Views/VideoPickerView.swift (in target 'VideoEnhnacer' from project 'VideoEnhnacer')
    cd /Users/vaibhavtiwary/Desktop/VideoEnhnacer
    

SwiftCompile normal arm64 Compiling\ VideoPropertyCard.swift,\ ExportOptionsView.swift,\ VideoPropertyListView.swift /Users/vaibhavtiwary/Desktop/VideoEnhnacer/VideoEnhnacer/Components/VideoPropertyCard.swift /Users/vaibhavtiwary/Desktop/VideoEnhnacer/VideoEnhnacer/Components/ExportOptionsView.swift /Users/vaibhavtiwary/Desktop/VideoEnhnacer/VideoEnhnacer/Views/VideoPropertyListView.swift (in target 'VideoEnhnacer' from project 'VideoEnhnacer')

SwiftCompile normal arm64 /Users/vaibhavtiwary/Desktop/VideoEnhnacer/VideoEnhnacer/Components/VideoPropertyCard.swift (in target 'VideoEnhnacer' from project 'VideoEnhnacer')
    cd /Users/vaibhavtiwary/Desktop/VideoEnhnacer
    

SwiftCompile normal arm64 /Users/vaibhavtiwary/Desktop/VideoEnhnacer/VideoEnhnacer/Components/ExportOptionsView.swift (in target 'VideoEnhnacer' from project 'VideoEnhnacer')
    cd /Users/vaibhavtiwary/Desktop/VideoEnhnacer
    

SwiftCompile normal arm64 /Users/vaibhavtiwary/Desktop/VideoEnhnacer/VideoEnhnacer/Views/VideoPropertyListView.swift (in target 'VideoEnhnacer' from project 'VideoEnhnacer')
    cd /Users/vaibhavtiwary/Desktop/VideoEnhnacer
    

SwiftCompile normal arm64 Compiling\ VideoComparisonCard.swift,\ PropertySlider.swift,\ HeaderView.swift /Users/vaibhavtiwary/Desktop/VideoEnhnacer/VideoEnhnacer/Components/VideoComparisonCard.swift /Users/vaibhavtiwary/Desktop/VideoEnhnacer/VideoEnhnacer/Components/PropertySlider.swift /Users/vaibhavtiwary/Desktop/VideoEnhnacer/VideoEnhnacer/Views/HeaderView.swift (in target 'VideoEnhnacer' from project 'VideoEnhnacer')

SwiftCompile normal arm64 /Users/vaibhavtiwary/Desktop/VideoEnhnacer/VideoEnhnacer/Components/VideoComparisonCard.swift (in target 'VideoEnhnacer' from project 'VideoEnhnacer')
    cd /Users/vaibhavtiwary/Desktop/VideoEnhnacer
    

SwiftCompile normal arm64 /Users/vaibhavtiwary/Desktop/VideoEnhnacer/VideoEnhnacer/Components/PropertySlider.swift (in target 'VideoEnhnacer' from project 'VideoEnhnacer')
    cd /Users/vaibhavtiwary/Desktop/VideoEnhnacer
    

SwiftCompile normal arm64 /Users/vaibhavtiwary/Desktop/VideoEnhnacer/VideoEnhnacer/Views/HeaderView.swift (in target 'VideoEnhnacer' from project 'VideoEnhnacer')
    cd /Users/vaibhavtiwary/Desktop/VideoEnhnacer
    

SwiftCompile normal arm64 Compiling\ ContentShree2.swift,\ VideoEnhnacerApp.swift /Users/vaibhavtiwary/Desktop/VideoEnhnacer/VideoEnhnacer/ContentShree2.swift /Users/vaibhavtiwary/Desktop/VideoEnhnacer/VideoEnhnacer/VideoEnhnacerApp.swift (in target 'VideoEnhnacer' from project 'VideoEnhnacer')
Command SwiftCompile failed with a nonzero exit code

** BUILD FAILED **


The following build commands failed:
	SwiftCompile normal arm64 /Users/vaibhavtiwary/Desktop/VideoEnhnacer/VideoEnhnacer/Views/Enhancement/RefactoredEnhancementSelectionView.swift (in target 'VideoEnhnacer' from project 'VideoEnhnacer')
	SwiftCompile normal arm64 Compiling\ VideoResultsView.swift,\ RefactoredEnhancementSelectionView.swift /Users/vaibhavtiwary/Desktop/VideoEnhnacer/VideoEnhnacer/Views/VideoResultsView.swift /Users/vaibhavtiwary/Desktop/VideoEnhnacer/VideoEnhnacer/Views/Enhancement/RefactoredEnhancementSelectionView.swift (in target 'VideoEnhnacer' from project 'VideoEnhnacer')
	SwiftCompile normal arm64 Compiling\ ContentShree2.swift,\ VideoEnhnacerApp.swift /Users/vaibhavtiwary/Desktop/VideoEnhnacer/VideoEnhnacer/ContentShree2.swift /Users/vaibhavtiwary/Desktop/VideoEnhnacer/VideoEnhnacer/VideoEnhnacerApp.swift (in target 'VideoEnhnacer' from project 'VideoEnhnacer')
	Building project VideoEnhnacer with scheme VideoEnhnacer and configuration Debug
(4 failures)
