=====================================
LOADING DEBUG LOG
Started: 2025-11-06 09:51:29 +0000
Device: iPad (A16) (18.5)
Model: iPad
=====================================
[3:21:29 PM] EnhancementFlowStateManager.swift:18 createIfNeeded(url:type:)
  → 🆕 CREATED in StateManager: VideoTrimmingViewModel for IMG_0032.MP4

[3:21:29 PM] RefactoredVideoTrimmingView.swift:48 init(videoURL:enhancementType:injectedViewModel:onBack:onClose:onContinue:)
  → ✅ USING INJECTED: VideoTrimmingViewModel in RefactoredVideoTrimmingView

[3:21:29 PM] EnhancementFlowStateManager.swift:20 createIfNeeded(url:type:)
  → ♻️ REUSING from StateManager: VideoTrimmingViewModel (duration:0.0s)

[3:21:29 PM] RefactoredVideoTrimmingView.swift:48 init(videoURL:enhancementType:injectedViewModel:onBack:onClose:onContinue:)
  → ✅ USING INJECTED: VideoTrimmingViewModel in RefactoredVideoTrimmingView

[3:21:29 PM] LoadingContainerView.swift:11 body
  → 🔄 LOADING OVERLAY SHOWING - isLoading=true

[3:21:29 PM] SpatialVideoPreview.swift:305 body
  → 📺 SHOWING 'Preparing Preview...' MESSAGE - VideoLoadingView displayed

[3:21:29 PM] RefactoredVideoTrimmingView.swift:325 handleViewAppearance()
  → 🚀 TRIGGER RELOAD: Not loaded - duration:0.0s, thumbnails:0 - calling viewModel.loadVideo()

[3:21:29 PM] LoadingContainerView.swift:11 body
  → 🔄 LOADING OVERLAY SHOWING - isLoading=true

[3:21:29 PM] SpatialVideoPreview.swift:305 body
  → 📺 SHOWING 'Preparing Preview...' MESSAGE - VideoLoadingView displayed

[3:21:29 PM] LoadingContainerView.swift:11 body
  → 🔄 LOADING OVERLAY SHOWING - isLoading=true

[3:21:29 PM] SpatialVideoPreview.swift:305 body
  → 📺 SHOWING 'Preparing Preview...' MESSAGE - VideoLoadingView displayed

[3:21:29 PM] SpatialVideoPreview.swift:305 body
  → 📺 SHOWING 'Preparing Preview...' MESSAGE - VideoLoadingView displayed

[3:21:29 PM] LoadingContainerView.swift:11 body
  → 🔄 LOADING OVERLAY SHOWING - isLoading=true

[3:21:29 PM] EnhancementFlowStateManager.swift:20 createIfNeeded(url:type:)
  → ♻️ REUSING from StateManager: VideoTrimmingViewModel (duration:0.0s)

[3:21:29 PM] RefactoredVideoTrimmingView.swift:48 init(videoURL:enhancementType:injectedViewModel:onBack:onClose:onContinue:)
  → ✅ USING INJECTED: VideoTrimmingViewModel in RefactoredVideoTrimmingView

[3:21:29 PM] LoadingContainerView.swift:11 body
  → 🔄 LOADING OVERLAY SHOWING - isLoading=true

[3:21:29 PM] LoadingContainerView.swift:11 body
  → 🔄 LOADING OVERLAY SHOWING - isLoading=true

[3:21:29 PM] VideoTrimmingViewModel.swift:181 performVideoLoading()
  → 📹 START LOADING: Setting isLoading=true, isLoadingVideo=true - Reason: performVideoLoading() called

[3:21:29 PM] LoadingContainerView.swift:11 body
  → 🔄 LOADING OVERLAY SHOWING - isLoading=true

[3:21:29 PM] LoadingContainerView.swift:11 body
  → 🔄 LOADING OVERLAY SHOWING - isLoading=true

[3:21:30 PM] LoadingContainerView.swift:11 body
  → 🔄 LOADING OVERLAY SHOWING - isLoading=true

[3:21:30 PM] VideoTrimmingViewModel.swift:226 performVideoLoading()
  → ✅ END LOADING: Setting isLoading=false, isLoadingVideo=false - Reason: All operations complete (duration:10.7s, thumbnails:10)

[3:21:30 PM] LoadingContainerView.swift:11 body
  → ✅ CONTENT SHOWING - isLoading=false

[3:21:31 PM] LoadingContainerView.swift:11 body
  → ✅ CONTENT SHOWING - isLoading=false

[3:21:31 PM] LoadingContainerView.swift:11 body
  → ✅ CONTENT SHOWING - isLoading=false

[3:21:31 PM] EnhancementFlowStateManager.swift:26 reset()
  → 🧹 RESET: Clearing VideoTrimmingViewModel from StateManager

