[1762493484.5117478] ═══════════════════════════════════════════════════════════════
[1762493484.5124369] TRIMMING DIAGNOSTICS LOG STARTED
[1762493484.512864] ═══════════════════════════════════════════════════════════════
[1762493484.514132] 🎬 [VideoTrimmingViewModel] loadVideo() called
[1762493484.514421] 📊 [RefactoredVideoTrimmingView] Computing video metadata
[1762493484.517539] 📐 [RefactoredVideoTrimmingView] Video resolution: 1920×1080
[1762493484.519275] 💾 [RefactoredVideoTrimmingView] File size: 9.0 MB
[1762493484.520678] ⏳ [VideoTrimmingViewModel] performVideoLoading() started
[1762493484.798287] 📹 [VideoTrimmingViewModel] Getting video info from: imported_video_EFCCE26C-790C-4DE9-B64A-72205866A28B.mov
[1762493484.954136] ✅ [VideoTrimmingViewModel] Video info loaded - duration: 7.1071s
[1762493484.961307] 📱 [VideoTrimmingViewModel] Large device detected - using parallel loading
[1762493485.021091] 🎥 [VideoTrimmingViewModel] Setting up video players
[1762493485.0243258] 🖼️ [VideoTrimmingViewModel] Generating 10 thumbnails at medium quality
[1762493485.287534] ✅ [VideoTrimmingViewModel] Generated 10 thumbnails
[1762493485.483628] ✅ [VideoTrimmingViewModel] Video players setup complete
[1762493485.488055] ✅ [VideoTrimmingViewModel] All loading complete - setting isLoading=false
[1762493488.141594] 📤 [RefactoredVideoTrimmingView] Continue clicked: trimStart=0.0 trimEnd=7.1071
[1762493488.145865] 📥 [EnhancementSelectionViewModel] Initialized: trimStart=0.0 trimEnd=7.1071
[1762493488.8826041] 👋 [RefactoredVideoTrimmingView] View disappeared
[1762493488.8830981] 🧹 [RefactoredVideoTrimmingView] Cleaning up resources
[1762493488.883381] 🧹 [VideoTrimmingViewModel] Cleaning up (cancelling tasks, player, subscriptions)
[1762493489.637094] ⚙️ [EnhancementSelectionViewModel] Starting processing: trimStart=0.0 trimEnd=7.1071
[1762493489.6395168] ✂️ [ServerEnhancementService] Will trim video: start=0.0s end=7.1071s
[1762493489.641546] 🎬 [VideoProcessingService] trimVideo called: start=0.0s end=7.1071s quality=high
[1762493489.760833] ✅ [VideoProcessingService] Trim completed: outputURL=imported_video_EFCCE26C-790C-4DE9-B64A-72205866A28B_trimmed.mov size=8.7MB
